Blind we are, if creation of this clone army we could not see
